{
    "Should run without failures": {
        "content": [
            {
                "0": [
                    "variation_coefficients.csv:md5,3b7f865c61386784acf289c526b14e55"
                ],
                "1": [
                    [
                        "VARIATION_COEFFICIENT",
                        "R",
                        "4.3.3 (2024-02-29)"
                    ]
                ],
                "csv": [
                    "variation_coefficients.csv:md5,3b7f865c61386784acf289c526b14e55"
                ]
            }
        ],
        "meta": {
            "nf-test": "0.9.2",
            "nextflow": "24.10.3"
        },
        "timestamp": "2024-12-29T00:31:42.877767395"
    }
}