{
    "Map Ensembl IDs to themselves": {
        "content": [
            [
                "counts.ensembl_ids_renamed.csv:md5,7fce29e696d35cf612c8c8c06b77fd56"
            ]
        ],
        "meta": {
            "nf-test": "0.9.2",
            "nextflow": "24.10.3"
        },
        "timestamp": "2024-12-20T23:29:07.259617578"
    },
    "Map Uniprot IDs": {
        "content": [
            [
                "counts.uniprot_ids_renamed.csv:md5,6eceb6063772b12fe48fa81e2418424c"
            ]
        ],
        "meta": {
            "nf-test": "0.9.2",
            "nextflow": "24.10.3"
        },
        "timestamp": "2024-12-20T23:37:08.508538995"
    },
    "Map NCBI IDs": {
        "content": [
            [
                "counts.ncbi_ids_renamed.csv:md5,6eceb6063772b12fe48fa81e2418424c"
            ]
        ],
        "meta": {
            "nf-test": "0.9.2",
            "nextflow": "24.10.3"
        },
        "timestamp": "2024-12-20T23:36:51.904926841"
    }
}