{
    "Should run without failures": {
        "content": [
            [
                "all_counts.csv:md5,386ada0636a0cabcace778b535401db5"
            ]
        ],
        "meta": {
            "nf-test": "0.9.2",
            "nextflow": "24.10.3"
        },
        "timestamp": "2024-12-20T23:53:16.591377914"
    }
}